
> cse-reviewer-ph@0.1.0 verify
> npm run typecheck && npm run lint && npm run check:architecture && npm run test && npm run build


> cse-reviewer-ph@0.1.0 typecheck
> tsc --noEmit


> cse-reviewer-ph@0.1.0 lint
> eslint .


> cse-reviewer-ph@0.1.0 check:architecture
> node scripts/check-architecture.mjs

✅ Architecture check passed: no hardcoded exam-identity branching found in engine code.

> cse-reviewer-ph@0.1.0 test
> vitest run


 RUN  v3.2.7 C:/L3mxr/Github Repositories/CSEReviewerPH

 ✓ tests/unit/lib/env.test.ts (7 tests) 13ms
(node:14632) Warning: SECURITY WARNING: The SSL modes 'prefer', 'require', and 'verify-ca' are treated as aliases for 'verify-full'.
In the next major version (pg-connection-string v3.0.0 and pg v9.0.0), these modes will adopt standard libpq semantics, which have weaker security guarantees.

To prepare for this change:
- If you want the current behavior, explicitly use 'sslmode=verify-full'
- If you want libpq compatibility now, use 'uselibpqcompat=true&sslmode=require'

See https://www.postgresql.org/docs/current/libpq-ssl.html for libpq SSL mode definitions.
(Use `node --trace-warnings ...` to show where the warning was created)
 ✓ tests/unit/api/user-sync.test.ts (3 tests) 944ms
   ✓ User Sync API Endpoint (/api/user/sync) > returns 200 and sync summary for valid authenticated sync payload  918ms
(node:10880) Warning: SECURITY WARNING: The SSL modes 'prefer', 'require', and 'verify-ca' are treated as aliases for 'verify-full'.
In the next major version (pg-connection-string v3.0.0 and pg v9.0.0), these modes will adopt standard libpq semantics, which have weaker security guarantees.

To prepare for this change:
- If you want the current behavior, explicitly use 'sslmode=verify-full'
- If you want libpq compatibility now, use 'uselibpqcompat=true&sslmode=require'

See https://www.postgresql.org/docs/current/libpq-ssl.html for libpq SSL mode definitions.
(Use `node --trace-warnings ...` to show where the warning was created)
 ✓ tests/unit/components/cookie-consent.test.tsx (5 tests) 1320ms
   ✓ CookieConsentBanner Component — RA 10173 & AdSense Consent > renders consent banner when no prior consent exists  1116ms
 ✓ tests/unit/results/results-view.test.tsx (3 tests) 1559ms
   ✓ ResultsView Component — Addendum §50 Framing > frames the score explicitly as an estimate based on percentage correct  1111ms
 ✓ tests/unit/practice/QuestionReportModal.test.tsx (4 tests) 1520ms
   ✓ QuestionReportModal Component > submits report to API and displays success state  1107ms
 ✓ tests/unit/api/user-account.test.ts (4 tests) 607ms
   ✓ User Account API Endpoint — RA 10173 Portability & Erasure (/api/user/account) > GET (Right to Data Portability) > returns 200 with exported user profile and exam history citing RA 10173  530ms
 ✓ tests/unit/components/home-components.test.tsx (7 tests) 2426ms
   ✓ HeroExamLevelSelector Component > renders single primary CTA button pointing to selected level and reassurance line  490ms
   ✓ SubtestExplorer Component > renders all 5 Civil Service subtest tabs with item counts  451ms
   ✓ SubtestExplorer Component > switches to Analytical Ability and verifies Professional exclusivity  461ms
   ✓ SubtestExplorer Component > switches to Clerical Ability and verifies Subprofessional exclusivity  454ms
 ✓ tests/unit/dashboard/PracticeActivityGrid.test.tsx (3 tests) 2627ms
   ✓ PracticeActivityGrid Component > renders streak headline with correct pluralization (D09)  766ms
   ✓ PracticeActivityGrid Component > renders pluralized streak for multiple days  391ms
   ✓ PracticeActivityGrid Component > renders activity grid cells and displays date details on interaction  1430ms
 ✓ tests/unit/dashboard/ExamCalendarCard.test.tsx (4 tests) 2868ms
   ✓ ExamCalendarCard Component > renders target exam info, countdown, mini month calendar, and daily goal  852ms
   ✓ ExamCalendarCard Component > opens accessible inline editor with htmlFor and id bindings (D03)  811ms
   ✓ ExamCalendarCard Component > allows saving a new target date and invokes onConfigChange  727ms
   ✓ ExamCalendarCard Component > cancels edits and restores previous values when Cancel is clicked  475ms
 ✓ tests/unit/storage/local-storage-service.test.ts (13 tests) 258ms
(node:6180) Warning: SECURITY WARNING: The SSL modes 'prefer', 'require', and 'verify-ca' are treated as aliases for 'verify-full'.
In the next major version (pg-connection-string v3.0.0 and pg v9.0.0), these modes will adopt standard libpq semantics, which have weaker security guarantees.

To prepare for this change:
- If you want the current behavior, explicitly use 'sslmode=verify-full'
- If you want libpq compatibility now, use 'uselibpqcompat=true&sslmode=require'

See https://www.postgresql.org/docs/current/libpq-ssl.html for libpq SSL mode definitions.
(Use `node --trace-warnings ...` to show where the warning was created)
 ✓ tests/unit/seo/ads-txt.test.ts (7 tests) 85ms
stderr | tests/unit/api/question-report.test.ts > Question Report API Endpoint (/api/questions/report) > returns 201 with reportId on valid payload
[QuestionReport] Fallback storage for report on q-123: insert or update on table "question_reports" violates foreign key constraint "question_reports_question_id_questions_id_fk"

 ✓ tests/unit/api/question-report.test.ts (3 tests) 570ms
   ✓ Question Report API Endpoint (/api/questions/report) > returns 201 with reportId on valid payload  550ms
 ✓ tests/unit/practice/ExamRunner.test.tsx (14 tests) 5235ms
   ✓ ExamRunner Component > renders exam header, timer, and current question  464ms
   ✓ ExamRunner Component > selects choices and updates progress hierarchy  721ms
   ✓ ExamRunner Component > toggles flag state on current question  681ms
   ✓ ExamRunner Component > navigates between questions with Next and Previous buttons  606ms
   ✓ ExamRunner Component > renders Save & Exit and saves progress for answered test  383ms
   ✓ ExamRunner Component > opens and toggles controls in Display menu  688ms
   ✓ ExamRunner Component > opens and interacts with the virtual arithmetic scratchpad  378ms
 ✓ tests/unit/dashboard/dashboard.test.tsx (4 tests) 5012ms
   ✓ DashboardView Component > renders truthful unmeasured baseline for new guests without invented numbers (D01)  1193ms
   ✓ DashboardView Component > dynamically reflects completed attempts from LocalStorageService  1259ms
   ✓ DashboardView Component > renders DashboardPage with Header, Footer, and DashboardView  1464ms
   ✓ DashboardView Component > expands data storage section and shows export/restore buttons  1095ms
 ✓ tests/unit/components/service-worker.test.tsx (4 tests) 482ms
 ✓ tests/unit/practice/practice-service.test.ts (9 tests) 13ms
 ✓ tests/unit/components/auth-modal.test.tsx (4 tests) 874ms
   ✓ AuthModal Component — Guest First & RA 10173 Compliance > renders Sign In modal with email, password, and RA 10173 disclosure  513ms
 ✓ tests/unit/components/user-nav.test.tsx (4 tests) 877ms
   ✓ UserNav Component > renders 'Sign In' button when examinee is unauthenticated  314ms
 ✓ tests/unit/components/ads.test.tsx (3 tests) 275ms
 ✓ tests/unit/lib/utils.test.ts (2 tests) 13ms
 ✓ tests/unit/content/content-data.test.ts (10 tests) 13ms
stderr | tests/unit/components/navigation-progress.test.tsx > Navigation & Optimization Components > renders GlobalError boundary with retry action
App Error Boundary caught: Error: Test simulation failure
    at C:\L3mxr\Github Repositories\CSEReviewerPH\tests\unit\components\navigation-progress.test.tsx:37:16
    at file:///C:/L3mxr/Github%20Repositories/CSEReviewerPH/node_modules/@vitest/runner/dist/chunk-hooks.js:155:11
    at file:///C:/L3mxr/Github%20Repositories/CSEReviewerPH/node_modules/@vitest/runner/dist/chunk-hooks.js:752:26
    at file:///C:/L3mxr/Github%20Repositories/CSEReviewerPH/node_modules/@vitest/runner/dist/chunk-hooks.js:1897:20
    at new Promise (<anonymous>)
    at runWithTimeout (file:///C:/L3mxr/Github%20Repositories/CSEReviewerPH/node_modules/@vitest/runner/dist/chunk-hooks.js:1863:10)
    at runTest (file:///C:/L3mxr/Github%20Repositories/CSEReviewerPH/node_modules/@vitest/runner/dist/chunk-hooks.js:1574:12)
    at processTicksAndRejections (node:internal/process/task_queues:104:5)
    at runSuite (file:///C:/L3mxr/Github%20Repositories/CSEReviewerPH/node_modules/@vitest/runner/dist/chunk-hooks.js:1729:8)
    at runSuite (file:///C:/L3mxr/Github%20Repositories/CSEReviewerPH/node_modules/@vitest/runner/dist/chunk-hooks.js:1729:8)

 ✓ tests/unit/components/navigation-progress.test.tsx (4 tests) 263ms
 ✓ tests/unit/db/db-connection.test.ts (6 tests) 13ms
 ✓ tests/unit/exam-engine/scoring.test.ts (4 tests) 8ms
 ✓ tests/unit/exam-engine/question-selector.test.ts (5 tests) 10ms
 ✓ tests/unit/seo/robots.test.ts (3 tests) 7ms
 ✓ tests/unit/api/health.test.ts (2 tests) 12ms
 ✓ tests/unit/seo/sitemap.test.ts (6 tests) 9ms
 ✓ tests/unit/dashboard/recommendation-engine.test.ts (4 tests) 6ms
 ✓ tests/unit/exam-engine/state-machine.test.ts (5 tests) 7ms
 ✓ tests/unit/pwa/manifest.test.ts (1 test) 5ms
 ✓ tests/unit/exam-engine/timer.test.ts (5 tests) 6ms
 ✓ tests/unit/exam-engine/timer-drift.test.ts (2 tests) 5ms
 ✓ tests/unit/db/schema.test.ts (5 tests) 6ms
 ✓ tests/unit/auth/auth-config.test.ts (2 tests) 4ms
 ✓ tests/integration/db/postgres-schema.test.ts (8 tests) 24046ms
   ✓ PostgreSQL Integration — Real Database Engine (PGlite) > verifies Postgres version and connection  7375ms
   ✓ PostgreSQL Integration — Real Database Engine (PGlite) > enforces foreign key constraints on insert  4031ms
   ✓ PostgreSQL Integration — Real Database Engine (PGlite) > enforces unique constraints on exam slug  3219ms
   ✓ PostgreSQL Integration — Real Database Engine (PGlite) > enforces CASCADE delete behavior across hierarchy  2971ms
   ✓ PostgreSQL Integration — Real Database Engine (PGlite) > handles question status lifecycle transitions without physical deletion  1823ms
   ✓ PostgreSQL Integration — Real Database Engine (PGlite) > stores and queries test attempts and user answers with relational joins  1608ms
   ✓ PostgreSQL Integration — Real Database Engine (PGlite) > seeds full CSE schema and verifies subject exclusivity and exam-engine integration against real Postgres  1661ms
   ✓ PostgreSQL Integration — Real Database Engine (PGlite) > verifies critical foreign key indexes exist in PostgreSQL catalog  1354ms

 Test Files  36 passed (36)
      Tests  179 passed (179)
   Start at  06:43:12
   Duration  36.61s (transform 30.40s, setup 13.84s, collect 124.45s, tests 52.00s, environment 79.26s, prepare 30.89s)


> cse-reviewer-ph@0.1.0 build
> next build

   ▲ Next.js 15.5.25
   - Environments: .env.local

   Creating an optimized production build ...
 ✓ Compiled successfully in 6.1s
   Linting and checking validity of types ...
   Collecting page data ...
   Generating static pages (0/33) ...
   Generating static pages (8/33) 
   Generating static pages (16/33) 
   Generating static pages (24/33) 
 ✓ Generating static pages (33/33)
   Finalizing page optimization ...
   Collecting build traces ...

Route (app)                                                    Size  First Load JS
┌ ○ /                                                       8.59 kB         141 kB
├ ○ /_not-found                                               159 B         103 kB
├ ○ /about                                                    217 B         133 kB
├ ƒ /ads.txt                                                  159 B         103 kB
├ ƒ /api/auth/[...all]                                        159 B         103 kB
├ ƒ /api/health                                               159 B         103 kB
├ ƒ /api/questions/report                                     159 B         103 kB
├ ƒ /api/user/account                                         159 B         103 kB
├ ƒ /api/user/sync                                            159 B         103 kB
├ ○ /articles                                                 217 B         133 kB
├ ● /articles/[slug]                                          217 B         133 kB
├   ├ /articles/why-examinees-fail-civil-service-exam
├   ├ /articles/continuous-timer-pacing-strategy
├   └ /articles/professional-vs-subprofessional-difference
├ ○ /contact                                                2.58 kB         135 kB
├ ○ /dashboard                                              10.1 kB         139 kB
├ ○ /dashboard/bookmarks                                    1.86 kB         146 kB
├ ○ /dashboard/history                                       1.7 kB         131 kB
├ ○ /dashboard/mistakes                                     4.08 kB         148 kB
├ ○ /disclaimer                                               217 B         133 kB
├ ○ /exam-info                                                217 B         133 kB
├ ƒ /exams/[level]/full                                     1.16 kB         123 kB
├ ƒ /exams/[level]/medium                                   1.16 kB         123 kB
├ ƒ /exams/[level]/quick                                    1.16 kB         123 kB
├ ○ /faq                                                    4.16 kB         137 kB
├ ○ /guides                                                   217 B         133 kB
├ ● /guides/[slug]                                            217 B         133 kB
├   ├ /guides/ra-6713-code-of-conduct
├   ├ /guides/philippine-constitution-essentials
├   ├ /guides/verbal-ability-grammar-paragraph-org
├   └ [+3 more paths]
├ ○ /manifest.webmanifest                                     159 B         103 kB
├ ○ /practice                                               1.98 kB         141 kB
├ ƒ /practice/[topicId]                                     1.16 kB         123 kB
├ ○ /privacy                                                  191 B         133 kB
├ ƒ /results/[attemptId]                                    6.04 kB         130 kB
├ ○ /robots.txt                                               159 B         103 kB
├ ○ /sitemap.xml                                              159 B         103 kB
└ ○ /terms                                                    191 B         133 kB
+ First Load JS shared by all                                103 kB
  ├ chunks/1255-7316b50163a428e6.js                         46.4 kB
  ├ chunks/4bd1b696-f785427dddbba9fb.js                     54.2 kB
  └ other shared chunks (total)                                2 kB


○  (Static)   prerendered as static content
●  (SSG)      prerendered as static HTML (uses generateStaticParams)
ƒ  (Dynamic)  server-rendered on demand

