
> cse-reviewer-ph@0.1.0 verify
> npm run typecheck && npm run lint && npm run check:architecture && npm run test && npm run build


> cse-reviewer-ph@0.1.0 typecheck
> tsc --noEmit


> cse-reviewer-ph@0.1.0 lint
> eslint .


> cse-reviewer-ph@0.1.0 check:architecture
> node scripts/check-architecture.mjs

✅ Architecture check passed: no hardcoded exam-identity branching found in engine code.

> cse-reviewer-ph@0.1.0 test
> vitest run


 RUN  v3.2.7 C:/L3mxr/Github Repositories/CSEReviewerPH

 ✓ tests/unit/dashboard/recommendation-engine.test.ts (4 tests) 6ms
(node:17324) Warning: SECURITY WARNING: The SSL modes 'prefer', 'require', and 'verify-ca' are treated as aliases for 'verify-full'.
In the next major version (pg-connection-string v3.0.0 and pg v9.0.0), these modes will adopt standard libpq semantics, which have weaker security guarantees.

To prepare for this change:
- If you want the current behavior, explicitly use 'sslmode=verify-full'
- If you want libpq compatibility now, use 'uselibpqcompat=true&sslmode=require'

See https://www.postgresql.org/docs/current/libpq-ssl.html for libpq SSL mode definitions.
(Use `node --trace-warnings ...` to show where the warning was created)
(node:34644) Warning: SECURITY WARNING: The SSL modes 'prefer', 'require', and 'verify-ca' are treated as aliases for 'verify-full'.
In the next major version (pg-connection-string v3.0.0 and pg v9.0.0), these modes will adopt standard libpq semantics, which have weaker security guarantees.

To prepare for this change:
- If you want the current behavior, explicitly use 'sslmode=verify-full'
- If you want libpq compatibility now, use 'uselibpqcompat=true&sslmode=require'

See https://www.postgresql.org/docs/current/libpq-ssl.html for libpq SSL mode definitions.
(Use `node --trace-warnings ...` to show where the warning was created)
(node:34220) Warning: SECURITY WARNING: The SSL modes 'prefer', 'require', and 'verify-ca' are treated as aliases for 'verify-full'.
In the next major version (pg-connection-string v3.0.0 and pg v9.0.0), these modes will adopt standard libpq semantics, which have weaker security guarantees.

To prepare for this change:
- If you want the current behavior, explicitly use 'sslmode=verify-full'
- If you want libpq compatibility now, use 'uselibpqcompat=true&sslmode=require'

See https://www.postgresql.org/docs/current/libpq-ssl.html for libpq SSL mode definitions.
(Use `node --trace-warnings ...` to show where the warning was created)
stderr | tests/unit/api/question-report.test.ts > Question Report API Endpoint (/api/questions/report) > returns 201 with reportId on valid payload
[QuestionReport] Fallback storage for report on q-123: insert or update on table "question_reports" violates foreign key constraint "question_reports_question_id_questions_id_fk"

 ✓ tests/unit/api/question-report.test.ts (3 tests) 1060ms
   ✓ Question Report API Endpoint (/api/questions/report) > returns 201 with reportId on valid payload  1043ms
 ✓ tests/unit/api/user-account.test.ts (4 tests) 1664ms
   ✓ User Account API Endpoint — RA 10173 Portability & Erasure (/api/user/account) > GET (Right to Data Portability) > returns 200 with exported user profile and exam history citing RA 10173  1593ms
 ✓ tests/unit/api/user-sync.test.ts (3 tests) 1953ms
   ✓ User Sync API Endpoint (/api/user/sync) > returns 200 and sync summary for valid authenticated sync payload  1935ms
 ✓ tests/unit/components/cookie-consent.test.tsx (5 tests) 348ms
 ✓ tests/unit/components/auth-modal.test.tsx (4 tests) 401ms
 ✓ tests/unit/practice/QuestionReportModal.test.tsx (4 tests) 410ms
 ✓ tests/unit/components/user-nav.test.tsx (4 tests) 439ms
 ✓ tests/unit/results/results-view.test.tsx (3 tests) 714ms
   ✓ ResultsView Component — Addendum §50 Framing > frames the score explicitly as an estimate based on percentage correct  392ms
 ✓ tests/unit/components/home-components.test.tsx (7 tests) 818ms
 ✓ tests/unit/practice/ExamRunner.test.tsx (14 tests) 2428ms
   ✓ ExamRunner Component > opens and interacts with the virtual arithmetic scratchpad  331ms
 ✓ tests/unit/lib/utils.test.ts (2 tests) 13ms
 ✓ tests/unit/seo/ads-txt.test.ts (7 tests) 17ms
 ✓ tests/unit/practice/practice-service.test.ts (9 tests) 16ms
 ✓ tests/unit/storage/local-storage-service.test.ts (13 tests) 93ms
 ✓ tests/unit/content/content-data.test.ts (10 tests) 11ms
stderr | tests/unit/components/navigation-progress.test.tsx > Navigation & Optimization Components > renders GlobalError boundary with retry action
App Error Boundary caught: Error: Test simulation failure
    at C:\L3mxr\Github Repositories\CSEReviewerPH\tests\unit\components\navigation-progress.test.tsx:37:16
    at file:///C:/L3mxr/Github%20Repositories/CSEReviewerPH/node_modules/@vitest/runner/dist/chunk-hooks.js:155:11
    at file:///C:/L3mxr/Github%20Repositories/CSEReviewerPH/node_modules/@vitest/runner/dist/chunk-hooks.js:752:26
    at file:///C:/L3mxr/Github%20Repositories/CSEReviewerPH/node_modules/@vitest/runner/dist/chunk-hooks.js:1897:20
    at new Promise (<anonymous>)
    at runWithTimeout (file:///C:/L3mxr/Github%20Repositories/CSEReviewerPH/node_modules/@vitest/runner/dist/chunk-hooks.js:1863:10)
    at runTest (file:///C:/L3mxr/Github%20Repositories/CSEReviewerPH/node_modules/@vitest/runner/dist/chunk-hooks.js:1574:12)
    at processTicksAndRejections (node:internal/process/task_queues:104:5)
    at runSuite (file:///C:/L3mxr/Github%20Repositories/CSEReviewerPH/node_modules/@vitest/runner/dist/chunk-hooks.js:1729:8)
    at runSuite (file:///C:/L3mxr/Github%20Repositories/CSEReviewerPH/node_modules/@vitest/runner/dist/chunk-hooks.js:1729:8)

 ✓ tests/unit/components/navigation-progress.test.tsx (4 tests) 157ms
 ✓ tests/unit/db/db-connection.test.ts (6 tests) 11ms
 ✓ tests/unit/components/service-worker.test.tsx (4 tests) 240ms
 ✓ tests/unit/components/ads.test.tsx (3 tests) 107ms
 ✓ tests/unit/exam-engine/question-selector.test.ts (5 tests) 8ms
 ✓ tests/unit/api/health.test.ts (2 tests) 10ms
 ✓ tests/unit/exam-engine/scoring.test.ts (4 tests) 8ms
 ✓ tests/unit/dashboard/dashboard.test.tsx (3 tests) 658ms
   ✓ DashboardView Component > renders accuracy, test count, streak, subtests, and guest storage controls  333ms
 ✓ tests/unit/seo/robots.test.ts (3 tests) 6ms
 ✓ tests/unit/seo/sitemap.test.ts (6 tests) 7ms
 ✓ tests/unit/exam-engine/timer.test.ts (5 tests) 5ms
 ✓ tests/unit/exam-engine/state-machine.test.ts (5 tests) 6ms
 ✓ tests/unit/lib/env.test.ts (7 tests) 8ms
 ✓ tests/unit/exam-engine/timer-drift.test.ts (2 tests) 4ms
 ✓ tests/unit/pwa/manifest.test.ts (1 test) 4ms
 ✓ tests/unit/db/schema.test.ts (5 tests) 4ms
 ✓ tests/unit/auth/auth-config.test.ts (2 tests) 3ms
 ✓ tests/integration/db/postgres-schema.test.ts (8 tests) 11034ms
   ✓ PostgreSQL Integration — Real Database Engine (PGlite) > verifies Postgres version and connection  1854ms
   ✓ PostgreSQL Integration — Real Database Engine (PGlite) > enforces foreign key constraints on insert  1085ms
   ✓ PostgreSQL Integration — Real Database Engine (PGlite) > enforces unique constraints on exam slug  1024ms
   ✓ PostgreSQL Integration — Real Database Engine (PGlite) > enforces CASCADE delete behavior across hierarchy  1077ms
   ✓ PostgreSQL Integration — Real Database Engine (PGlite) > handles question status lifecycle transitions without physical deletion  1098ms
   ✓ PostgreSQL Integration — Real Database Engine (PGlite) > stores and queries test attempts and user answers with relational joins  1186ms
   ✓ PostgreSQL Integration — Real Database Engine (PGlite) > seeds full CSE schema and verifies subject exclusivity and exam-engine integration against real Postgres  2483ms
   ✓ PostgreSQL Integration — Real Database Engine (PGlite) > verifies critical foreign key indexes exist in PostgreSQL catalog  1224ms

 Test Files  34 passed (34)
      Tests  171 passed (171)
   Start at  06:38:26
   Duration  24.96s (transform 3.73s, setup 8.60s, collect 56.14s, tests 22.67s, environment 47.69s, prepare 9.54s)


> cse-reviewer-ph@0.1.0 build
> next build

   ▲ Next.js 15.5.25
   - Environments: .env.local

   Creating an optimized production build ...
 ✓ Compiled successfully in 6.9s
   Linting and checking validity of types ...
   Collecting page data ...
   Generating static pages (0/33) ...
   Generating static pages (8/33) 
TypeError: a[d] is not a function
    at Object.c [as require] (C:\L3mxr\Github Repositories\CSEReviewerPH\.next\server\webpack-runtime.js:1:127)
Error occurred prerendering page "/dashboard". Read more: https://nextjs.org/docs/messages/prerender-error
TypeError: a[d] is not a function
    at Object.c [as require] (C:\L3mxr\Github Repositories\CSEReviewerPH\.next\server\webpack-runtime.js:1:127)
Export encountered an error on /(app)/dashboard/page: /dashboard, exiting the build.
 ⨯ Next.js build worker exited with code: 1 and signal: null
