
> cse-reviewer-ph@0.1.0 verify
> npm run typecheck && npm run lint && npm run check:architecture && npm run test && npm run build


> cse-reviewer-ph@0.1.0 typecheck
> tsc --noEmit


> cse-reviewer-ph@0.1.0 lint
> eslint .


> cse-reviewer-ph@0.1.0 check:architecture
> node scripts/check-architecture.mjs

✅ Architecture check passed: no hardcoded exam-identity branching found in engine code.

> cse-reviewer-ph@0.1.0 test
> vitest run


 RUN  v3.2.7 C:/L3mxr/Github Repositories/CSEReviewerPH

 ✓ tests/unit/lib/env.test.ts (7 tests) 10ms
(node:28620) Warning: SECURITY WARNING: The SSL modes 'prefer', 'require', and 'verify-ca' are treated as aliases for 'verify-full'.
In the next major version (pg-connection-string v3.0.0 and pg v9.0.0), these modes will adopt standard libpq semantics, which have weaker security guarantees.

To prepare for this change:
- If you want the current behavior, explicitly use 'sslmode=verify-full'
- If you want libpq compatibility now, use 'uselibpqcompat=true&sslmode=require'

See https://www.postgresql.org/docs/current/libpq-ssl.html for libpq SSL mode definitions.
(Use `node --trace-warnings ...` to show where the warning was created)
(node:4212) Warning: SECURITY WARNING: The SSL modes 'prefer', 'require', and 'verify-ca' are treated as aliases for 'verify-full'.
In the next major version (pg-connection-string v3.0.0 and pg v9.0.0), these modes will adopt standard libpq semantics, which have weaker security guarantees.

To prepare for this change:
- If you want the current behavior, explicitly use 'sslmode=verify-full'
- If you want libpq compatibility now, use 'uselibpqcompat=true&sslmode=require'

See https://www.postgresql.org/docs/current/libpq-ssl.html for libpq SSL mode definitions.
(Use `node --trace-warnings ...` to show where the warning was created)
(node:21176) Warning: SECURITY WARNING: The SSL modes 'prefer', 'require', and 'verify-ca' are treated as aliases for 'verify-full'.
In the next major version (pg-connection-string v3.0.0 and pg v9.0.0), these modes will adopt standard libpq semantics, which have weaker security guarantees.

To prepare for this change:
- If you want the current behavior, explicitly use 'sslmode=verify-full'
- If you want libpq compatibility now, use 'uselibpqcompat=true&sslmode=require'

See https://www.postgresql.org/docs/current/libpq-ssl.html for libpq SSL mode definitions.
(Use `node --trace-warnings ...` to show where the warning was created)
stderr | tests/unit/api/question-report.test.ts > Question Report API Endpoint (/api/questions/report) > returns 201 with reportId on valid payload
[QuestionReport] Fallback storage for report on q-123: insert or update on table "question_reports" violates foreign key constraint "question_reports_question_id_questions_id_fk"

 ✓ tests/unit/api/question-report.test.ts (3 tests) 552ms
   ✓ Question Report API Endpoint (/api/questions/report) > returns 201 with reportId on valid payload  517ms
 ✓ tests/unit/api/user-account.test.ts (4 tests) 653ms
   ✓ User Account API Endpoint — RA 10173 Portability & Erasure (/api/user/account) > GET (Right to Data Portability) > returns 200 with exported user profile and exam history citing RA 10173  571ms
 ✓ tests/unit/api/user-sync.test.ts (3 tests) 932ms
   ✓ User Sync API Endpoint (/api/user/sync) > returns 200 and sync summary for valid authenticated sync payload  899ms
 ✓ tests/unit/components/auth-modal.test.tsx (4 tests) 536ms
   ✓ AuthModal Component — Guest First & RA 10173 Compliance > renders Sign In modal with email, password, and RA 10173 disclosure  302ms
 ✓ tests/unit/practice/QuestionReportModal.test.tsx (4 tests) 614ms
   ✓ QuestionReportModal Component > submits report to API and displays success state  362ms
 ✓ tests/unit/components/user-nav.test.tsx (4 tests) 632ms
   ✓ UserNav Component > renders 'Sign In' button when examinee is unauthenticated  304ms
 ✓ tests/unit/components/home-components.test.tsx (7 tests) 914ms
 ✓ tests/unit/dashboard/dashboard.test.tsx (3 tests) 1090ms
   ✓ DashboardView Component > renders accuracy, test count, streak, subtests, and guest storage controls  452ms
   ✓ DashboardView Component > renders DashboardPage with Header, Footer, and DashboardView  395ms
 ✓ tests/unit/results/results-view.test.tsx (3 tests) 727ms
   ✓ ResultsView Component — Addendum §50 Framing > frames the score explicitly as an estimate based on percentage correct  452ms
 ✓ tests/unit/storage/local-storage-service.test.ts (13 tests) 26ms
 ✓ tests/unit/components/service-worker.test.tsx (4 tests) 264ms
 ✓ tests/unit/seo/ads-txt.test.ts (7 tests) 15ms
stderr | tests/unit/components/navigation-progress.test.tsx > Navigation & Optimization Components > renders GlobalError boundary with retry action
App Error Boundary caught: Error: Test simulation failure
    at C:\L3mxr\Github Repositories\CSEReviewerPH\tests\unit\components\navigation-progress.test.tsx:37:16
    at file:///C:/L3mxr/Github%20Repositories/CSEReviewerPH/node_modules/@vitest/runner/dist/chunk-hooks.js:155:11
    at file:///C:/L3mxr/Github%20Repositories/CSEReviewerPH/node_modules/@vitest/runner/dist/chunk-hooks.js:752:26
    at file:///C:/L3mxr/Github%20Repositories/CSEReviewerPH/node_modules/@vitest/runner/dist/chunk-hooks.js:1897:20
    at new Promise (<anonymous>)
    at runWithTimeout (file:///C:/L3mxr/Github%20Repositories/CSEReviewerPH/node_modules/@vitest/runner/dist/chunk-hooks.js:1863:10)
    at runTest (file:///C:/L3mxr/Github%20Repositories/CSEReviewerPH/node_modules/@vitest/runner/dist/chunk-hooks.js:1574:12)
    at processTicksAndRejections (node:internal/process/task_queues:104:5)
    at runSuite (file:///C:/L3mxr/Github%20Repositories/CSEReviewerPH/node_modules/@vitest/runner/dist/chunk-hooks.js:1729:8)
    at runSuite (file:///C:/L3mxr/Github%20Repositories/CSEReviewerPH/node_modules/@vitest/runner/dist/chunk-hooks.js:1729:8)

 ✓ tests/unit/components/navigation-progress.test.tsx (4 tests) 304ms
 ✓ tests/unit/components/cookie-consent.test.tsx (5 tests) 402ms
 ✓ tests/unit/practice/practice-service.test.ts (9 tests) 13ms
 ✓ tests/unit/lib/utils.test.ts (2 tests) 14ms
 ✓ tests/unit/practice/ExamRunner.test.tsx (14 tests) 2602ms
   ✓ ExamRunner Component > toggles flag state on current question  323ms
   ✓ ExamRunner Component > opens and interacts with the virtual arithmetic scratchpad  351ms
 ✓ tests/unit/db/db-connection.test.ts (6 tests) 11ms
 ✓ tests/unit/api/health.test.ts (2 tests) 10ms
 ✓ tests/unit/exam-engine/question-selector.test.ts (5 tests) 8ms
 ✓ tests/unit/seo/sitemap.test.ts (6 tests) 8ms
 ✓ tests/unit/content/content-data.test.ts (10 tests) 11ms
 ✓ tests/unit/exam-engine/state-machine.test.ts (5 tests) 6ms
 ✓ tests/unit/seo/robots.test.ts (3 tests) 6ms
 ✓ tests/unit/exam-engine/scoring.test.ts (4 tests) 7ms
 ✓ tests/unit/exam-engine/timer.test.ts (5 tests) 5ms
 ✓ tests/unit/components/ads.test.tsx (3 tests) 88ms
 ✓ tests/unit/dashboard/recommendation-engine.test.ts (4 tests) 4ms
 ✓ tests/unit/pwa/manifest.test.ts (1 test) 3ms
 ✓ tests/unit/exam-engine/timer-drift.test.ts (2 tests) 3ms
 ✓ tests/unit/db/schema.test.ts (5 tests) 5ms
 ✓ tests/unit/auth/auth-config.test.ts (2 tests) 5ms
 ✓ tests/integration/db/postgres-schema.test.ts (8 tests) 19602ms
   ✓ PostgreSQL Integration — Real Database Engine (PGlite) > verifies Postgres version and connection  4188ms
   ✓ PostgreSQL Integration — Real Database Engine (PGlite) > enforces foreign key constraints on insert  2878ms
   ✓ PostgreSQL Integration — Real Database Engine (PGlite) > enforces unique constraints on exam slug  2614ms
   ✓ PostgreSQL Integration — Real Database Engine (PGlite) > enforces CASCADE delete behavior across hierarchy  2684ms
   ✓ PostgreSQL Integration — Real Database Engine (PGlite) > handles question status lifecycle transitions without physical deletion  1908ms
   ✓ PostgreSQL Integration — Real Database Engine (PGlite) > stores and queries test attempts and user answers with relational joins  1769ms
   ✓ PostgreSQL Integration — Real Database Engine (PGlite) > seeds full CSE schema and verifies subject exclusivity and exam-engine integration against real Postgres  1742ms
   ✓ PostgreSQL Integration — Real Database Engine (PGlite) > verifies critical foreign key indexes exist in PostgreSQL catalog  1817ms

 Test Files  34 passed (34)
      Tests  171 passed (171)
   Start at  06:23:08
   Duration  21.75s (transform 4.77s, setup 7.13s, collect 69.67s, tests 30.08s, environment 36.55s, prepare 6.64s)


> cse-reviewer-ph@0.1.0 build
> next build

   ▲ Next.js 15.5.25
   - Environments: .env.local

   Creating an optimized production build ...
 ✓ Compiled successfully in 3.9s
   Linting and checking validity of types ...
   Collecting page data ...
   Generating static pages (0/33) ...
   Generating static pages (8/33) 
   Generating static pages (16/33) 
   Generating static pages (24/33) 
 ✓ Generating static pages (33/33)
   Finalizing page optimization ...
   Collecting build traces ...

Route (app)                                                 Size  First Load JS
┌ ○ /                                                        0 B            0 B
├ ○ /_not-found                                              0 B            0 B
├ ○ /about                                                   0 B            0 B
├ ƒ /ads.txt                                                 0 B            0 B
├ ƒ /api/auth/[...all]                                       0 B            0 B
├ ƒ /api/health                                              0 B            0 B
├ ƒ /api/questions/report                                    0 B            0 B
├ ƒ /api/user/account                                        0 B            0 B
├ ƒ /api/user/sync                                           0 B            0 B
├ ○ /articles                                                0 B            0 B
├ ● /articles/[slug]                                         0 B            0 B
├   ├ /articles/why-examinees-fail-civil-service-exam
├   ├ /articles/continuous-timer-pacing-strategy
├   └ /articles/professional-vs-subprofessional-difference
├ ○ /contact                                                 0 B            0 B
├ ○ /dashboard                                               0 B            0 B
├ ○ /dashboard/bookmarks                                     0 B            0 B
├ ○ /dashboard/history                                       0 B            0 B
├ ○ /dashboard/mistakes                                      0 B            0 B
├ ○ /disclaimer                                              0 B            0 B
├ ○ /exam-info                                               0 B            0 B
├ ƒ /exams/[level]/full                                      0 B            0 B
├ ƒ /exams/[level]/medium                                    0 B            0 B
├ ƒ /exams/[level]/quick                                     0 B            0 B
├ ○ /faq                                                     0 B            0 B
├ ○ /guides                                                  0 B            0 B
├ ● /guides/[slug]                                           0 B            0 B
├   ├ /guides/ra-6713-code-of-conduct
├   ├ /guides/philippine-constitution-essentials
├   ├ /guides/verbal-ability-grammar-paragraph-org
├   └ [+3 more paths]
├ ○ /manifest.webmanifest                                    0 B            0 B
├ ○ /practice                                                0 B            0 B
├ ƒ /practice/[topicId]                                      0 B            0 B
├ ○ /privacy                                                 0 B            0 B
├ ƒ /results/[attemptId]                                     0 B            0 B
├ ○ /robots.txt                                              0 B            0 B
├ ○ /sitemap.xml                                             0 B            0 B
└ ○ /terms                                                   0 B            0 B
+ First Load JS shared by all                                0 B


○  (Static)   prerendered as static content
●  (SSG)      prerendered as static HTML (uses generateStaticParams)
ƒ  (Dynamic)  server-rendered on demand

